// Jest Snapshot v1, https://goo.gl/fbAQLP

exports[`renders a week for selected date 1`] = `
Array [
  Object {
    "name": "Mon",
    "number": "19",
  },
  Object {
    "name": "Tue",
    "number": "20",
  },
  Object {
    "name": "Wed",
    "number": "21",
  },
  Object {
    "name": "Thu",
    "number": "22",
  },
  Object {
    "name": "Fri",
    "number": "23",
  },
  Object {
    "name": "Sat",
    "number": "24",
  },
  Object {
    "name": "Sun",
    "number": "25",
  },
]
`;
